17:01:03 **** Incremental Build of configuration Debug for project i2c_2_ports_testing ****
make -j12 all 
arm-none-eabi-gcc "../Core/Src/main.c" -mcpu=cortex-m4 -std=gnu11 -g3 -DDEBUG -DUSE_HAL_DRIVER -DSTM32F446xx -c -I../Core/Inc -I../Drivers/STM32F4xx_HAL_Driver/Inc -I../Drivers/STM32F4xx_HAL_Driver/Inc/Legacy -I../Drivers/CMSIS/Device/ST/STM32F4xx/Include -I../Drivers/CMSIS/Include -O0 -ffunction-sections -fdata-sections -Wall -fstack-usage -fcyclomatic-complexity -MMD -MP -MF"Core/Src/main.d" -MT"Core/Src/main.o" --specs=nano.specs -mfpu=fpv4-sp-d16 -mfloat-abi=hard -mthumb -o "Core/Src/main.o"
arm-none-eabi-gcc -o "i2c_2_ports_testing.elf" @"objects.list"   -mcpu=cortex-m4 -T"C:\Users\alexl\Desktop\license\stm\i2c_2_ports_testing\STM32F446RETX_FLASH.ld" --specs=nosys.specs -Wl,-Map="i2c_2_ports_testing.map" -Wl,--gc-sections -static --specs=nano.specs -mfpu=fpv4-sp-d16 -mfloat-abi=hard -mthumb -Wl,--start-group -lc -lm -Wl,--end-group
Finished building target: i2c_2_ports_testing.elf
 
arm-none-eabi-size  i2c_2_ports_testing.elf 
arm-none-eabi-objdump -h -S i2c_2_ports_testing.elf  > "i2c_2_ports_testing.list"
   text	   data	    bss	    dec	    hex	filename
  16828	     12	   1812	  18652	   48dc	i2c_2_ports_testing.elf
Finished building: default.size.stdout
 
Finished building: i2c_2_ports_testing.list
 
17:01:09 **** Incremental Build of configuration Debug for project i2c_2_ports_testing ****
make -j12 all 
arm-none-eabi-size  i2c_2_ports_testing.elf 
   text	   data	    bss	    dec	    hex	filename
  16828	     12	   1812	  18652	   48dc	i2c_2_ports_testing.elf
Finished building: default.size.stdout
 
